// Jest Snapshot v1, https://goo.gl/fbAQLP

exports[`Shows the right thing 1`] = `
<div>
  <h1>
    App
  </h1>
  <h2>
    Jon Snow aka Aegon Targaryan
  </h2>
</div>
`;
