// Jest Snapshot v1, https://goo.gl/fbAQLP

exports[`Hello world 1`] = `
<h2>
  Dr. Robert
</h2>
`;
